I'm sorry, but errors were detected in your script. Please correct the
errors listed below, and try again.


File "game/script.rpy", line 909: Tab characters are not allowed in Ren'Py scripts.

Ren'Py Version: Ren'Py 8.3.2.24090902
Wed Oct 23 12:11:34 2024
